[     213ms] [LOG] %c欢迎使用CesiumTdt插件，%c该插件由Jason提供，%c目前支持1.120版本 color: green; font-size: 16px; font-weight: bold; color: blue; font-size: 14px; font-style: italic; color: red; font-size: 14px; font-weight: bold; @ http://localhost:8080/lib/cesiumTdt.js:0
[    1065ms] [ERROR] 采样A/B点地形失败: TypeError: Cannot read properties of undefined (reading 'computeMaximumLevelAtPosition')
    at Object.Qre (https://cesium.com/downloads/cesiumjs/releases/1.120/Build/Cesium/Cesium.js:93:186783)
    at Object.sampleElevation (http://localhost:8080/:211:46)
    at runProfile (http://localhost:8080/:942:36)
    at http://localhost:8080/:358:30 @ http://localhost:8080/:949
[    1070ms] [ERROR] 采样地形失败: TypeError: Cannot read properties of undefined (reading 'computeMaximumLevelAtPosition')
    at Object.Qre (https://cesium.com/downloads/cesiumjs/releases/1.120/Build/Cesium/Cesium.js:93:186783)
    at Object.sampleTerrainPath (http://localhost:8080/:204:46)
    at runProfile (http://localhost:8080/:1058:85) @ http://localhost:8080/:1060
[    2602ms] [LOG] An error occurred in "": Failed to obtain terrain tile X: 55 Y: 11 Level: 5. Error message: "undefined" @ https://cesium.com/downloads/cesiumjs/releases/1.120/Build/Cesium/Cesium.js:85
[    2604ms] [LOG] An error occurred in "": Failed to obtain terrain tile X: 55 Y: 12 Level: 5. Error message: "undefined" @ https://cesium.com/downloads/cesiumjs/releases/1.120/Build/Cesium/Cesium.js:85
[    2605ms] [LOG] An error occurred in "": Failed to obtain terrain tile X: 54 Y: 11 Level: 5. Error message: "undefined" @ https://cesium.com/downloads/cesiumjs/releases/1.120/Build/Cesium/Cesium.js:85
[    2606ms] [LOG] An error occurred in "": Failed to obtain terrain tile X: 56 Y: 11 Level: 5. Error message: "undefined" @ https://cesium.com/downloads/cesiumjs/releases/1.120/Build/Cesium/Cesium.js:85
[    2606ms] [LOG] An error occurred in "": Failed to obtain terrain tile X: 54 Y: 12 Level: 5. Error message: "undefined" @ https://cesium.com/downloads/cesiumjs/releases/1.120/Build/Cesium/Cesium.js:85
[    2606ms] [LOG] An error occurred in "": Failed to obtain terrain tile X: 56 Y: 12 Level: 5. Error message: "undefined" @ https://cesium.com/downloads/cesiumjs/releases/1.120/Build/Cesium/Cesium.js:85
[    2608ms] [LOG] An error occurred in "": Failed to obtain terrain tile X: 55 Y: 10 Level: 5. Error message: "undefined" @ https://cesium.com/downloads/cesiumjs/releases/1.120/Build/Cesium/Cesium.js:85
[    2609ms] [LOG] An error occurred in "": Failed to obtain terrain tile X: 54 Y: 10 Level: 5. Error message: "undefined" @ https://cesium.com/downloads/cesiumjs/releases/1.120/Build/Cesium/Cesium.js:85
[    2610ms] [LOG] An error occurred in "": Failed to obtain terrain tile X: 56 Y: 10 Level: 5. Error message: "undefined" @ https://cesium.com/downloads/cesiumjs/releases/1.120/Build/Cesium/Cesium.js:85
[    2611ms] [LOG] An error occurred in "": Failed to obtain terrain tile X: 55 Y: 13 Level: 5. Error message: "undefined" @ https://cesium.com/downloads/cesiumjs/releases/1.120/Build/Cesium/Cesium.js:85
[    2612ms] [LOG] An error occurred in "": Failed to obtain terrain tile X: 54 Y: 13 Level: 5. Error message: "undefined" @ https://cesium.com/downloads/cesiumjs/releases/1.120/Build/Cesium/Cesium.js:85
[    2627ms] [LOG] An error occurred in "": Failed to obtain terrain tile X: 56 Y: 13 Level: 5. Error message: "undefined" @ https://cesium.com/downloads/cesiumjs/releases/1.120/Build/Cesium/Cesium.js:85
[    2628ms] [LOG] An error occurred in "": Failed to obtain terrain tile X: 53 Y: 12 Level: 5. Error message: "undefined" @ https://cesium.com/downloads/cesiumjs/releases/1.120/Build/Cesium/Cesium.js:85
[    2629ms] [LOG] An error occurred in "": Failed to obtain terrain tile X: 57 Y: 12 Level: 5. Error message: "undefined" @ https://cesium.com/downloads/cesiumjs/releases/1.120/Build/Cesium/Cesium.js:85
[    2648ms] [LOG] An error occurred in "": Failed to obtain terrain tile X: 57 Y: 10 Level: 5. Error message: "undefined" @ https://cesium.com/downloads/cesiumjs/releases/1.120/Build/Cesium/Cesium.js:85
[    2648ms] [LOG] An error occurred in "": Failed to obtain terrain tile X: 53 Y: 13 Level: 5. Error message: "undefined" @ https://cesium.com/downloads/cesiumjs/releases/1.120/Build/Cesium/Cesium.js:85
[    2650ms] [LOG] An error occurred in "": Failed to obtain terrain tile X: 57 Y: 13 Level: 5. Error message: "undefined" @ https://cesium.com/downloads/cesiumjs/releases/1.120/Build/Cesium/Cesium.js:85
[    2670ms] [LOG] An error occurred in "": Failed to obtain terrain tile X: 57 Y: 11 Level: 5. Error message: "undefined" @ https://cesium.com/downloads/cesiumjs/releases/1.120/Build/Cesium/Cesium.js:85
[    2685ms] [LOG] An error occurred in "": Failed to obtain terrain tile X: 52 Y: 12 Level: 5. Error message: "undefined" @ https://cesium.com/downloads/cesiumjs/releases/1.120/Build/Cesium/Cesium.js:85
[    2718ms] [LOG] An error occurred in "": Failed to obtain terrain tile X: 52 Y: 13 Level: 5. Error message: "undefined" @ https://cesium.com/downloads/cesiumjs/releases/1.120/Build/Cesium/Cesium.js:85
[    2993ms] [LOG] An error occurred in "": Failed to obtain terrain tile X: 106 Y: 24 Level: 6. Error message: "undefined" @ https://cesium.com/downloads/cesiumjs/releases/1.120/Build/Cesium/Cesium.js:85
[    2994ms] [LOG] An error occurred in "": Failed to obtain terrain tile X: 107 Y: 24 Level: 6. Error message: "undefined" @ https://cesium.com/downloads/cesiumjs/releases/1.120/Build/Cesium/Cesium.js:85
[    3008ms] [LOG] An error occurred in "": Failed to obtain terrain tile X: 107 Y: 22 Level: 6. Error message: "undefined" @ https://cesium.com/downloads/cesiumjs/releases/1.120/Build/Cesium/Cesium.js:85
[    3008ms] [LOG] An error occurred in "": Failed to obtain terrain tile X: 106 Y: 25 Level: 6. Error message: "undefined" @ https://cesium.com/downloads/cesiumjs/releases/1.120/Build/Cesium/Cesium.js:85
[    3008ms] [LOG] An error occurred in "": Failed to obtain terrain tile X: 107 Y: 25 Level: 6. Error message: "undefined" @ https://cesium.com/downloads/cesiumjs/releases/1.120/Build/Cesium/Cesium.js:85
[    3072ms] [LOG] An error occurred in "": Failed to obtain terrain tile X: 105 Y: 25 Level: 6. Error message: "undefined" @ https://cesium.com/downloads/cesiumjs/releases/1.120/Build/Cesium/Cesium.js:85
[    3124ms] [LOG] An error occurred in "": Failed to obtain terrain tile X: 105 Y: 24 Level: 6. Error message: "undefined" @ https://cesium.com/downloads/cesiumjs/releases/1.120/Build/Cesium/Cesium.js:85
[    3126ms] [LOG] An error occurred in "": Failed to obtain terrain tile X: 104 Y: 25 Level: 6. Error message: "undefined" @ https://cesium.com/downloads/cesiumjs/releases/1.120/Build/Cesium/Cesium.js:85
[    3536ms] [LOG] An error occurred in "": Failed to obtain terrain tile X: 208 Y: 49 Level: 7. Error message: "undefined" @ https://cesium.com/downloads/cesiumjs/releases/1.120/Build/Cesium/Cesium.js:85
[    3536ms] [LOG] An error occurred in "": Failed to obtain terrain tile X: 209 Y: 49 Level: 7. Error message: "undefined" @ https://cesium.com/downloads/cesiumjs/releases/1.120/Build/Cesium/Cesium.js:85
[    3552ms] [LOG] An error occurred in "": Failed to obtain terrain tile X: 207 Y: 49 Level: 7. Error message: "undefined" @ https://cesium.com/downloads/cesiumjs/releases/1.120/Build/Cesium/Cesium.js:85
[    3608ms] [LOG] An error occurred in "": Failed to obtain terrain tile X: 210 Y: 48 Level: 7. Error message: "undefined" @ https://cesium.com/downloads/cesiumjs/releases/1.120/Build/Cesium/Cesium.js:85
[    3641ms] [LOG] An error occurred in "": Failed to obtain terrain tile X: 210 Y: 49 Level: 7. Error message: "undefined" @ https://cesium.com/downloads/cesiumjs/releases/1.120/Build/Cesium/Cesium.js:85
