[     206ms] [LOG] %c欢迎使用CesiumTdt插件，%c该插件由Jason提供，%c目前支持1.120版本 color: green; font-size: 16px; font-weight: bold; color: blue; font-size: 14px; font-style: italic; color: red; font-size: 14px; font-weight: bold; @ http://localhost:8080/lib/cesiumTdt.js:0
[    1043ms] [ERROR] 采样A/B点地形失败: TypeError: Cannot read properties of undefined (reading 'computeMaximumLevelAtPosition')
    at Object.Qre (https://cesium.com/downloads/cesiumjs/releases/1.120/Build/Cesium/Cesium.js:93:186783)
    at Object.sampleElevation (http://localhost:8080/:211:46)
    at runProfile (http://localhost:8080/:942:36)
    at http://localhost:8080/:358:30 @ http://localhost:8080/:949
[    1048ms] [ERROR] 采样地形失败: TypeError: Cannot read properties of undefined (reading 'computeMaximumLevelAtPosition')
    at Object.Qre (https://cesium.com/downloads/cesiumjs/releases/1.120/Build/Cesium/Cesium.js:93:186783)
    at Object.sampleTerrainPath (http://localhost:8080/:204:46)
    at runProfile (http://localhost:8080/:1058:85) @ http://localhost:8080/:1060
[    2595ms] [LOG] An error occurred in "": Failed to obtain terrain tile X: 55 Y: 11 Level: 5. Error message: "undefined" @ https://cesium.com/downloads/cesiumjs/releases/1.120/Build/Cesium/Cesium.js:85
[    2597ms] [LOG] An error occurred in "": Failed to obtain terrain tile X: 55 Y: 12 Level: 5. Error message: "undefined" @ https://cesium.com/downloads/cesiumjs/releases/1.120/Build/Cesium/Cesium.js:85
[    2597ms] [LOG] An error occurred in "": Failed to obtain terrain tile X: 54 Y: 11 Level: 5. Error message: "undefined" @ https://cesium.com/downloads/cesiumjs/releases/1.120/Build/Cesium/Cesium.js:85
[    2598ms] [LOG] An error occurred in "": Failed to obtain terrain tile X: 56 Y: 11 Level: 5. Error message: "undefined" @ https://cesium.com/downloads/cesiumjs/releases/1.120/Build/Cesium/Cesium.js:85
[    2598ms] [LOG] An error occurred in "": Failed to obtain terrain tile X: 54 Y: 12 Level: 5. Error message: "undefined" @ https://cesium.com/downloads/cesiumjs/releases/1.120/Build/Cesium/Cesium.js:85
[    2599ms] [LOG] An error occurred in "": Failed to obtain terrain tile X: 56 Y: 12 Level: 5. Error message: "undefined" @ https://cesium.com/downloads/cesiumjs/releases/1.120/Build/Cesium/Cesium.js:85
[    2599ms] [LOG] An error occurred in "": Failed to obtain terrain tile X: 55 Y: 10 Level: 5. Error message: "undefined" @ https://cesium.com/downloads/cesiumjs/releases/1.120/Build/Cesium/Cesium.js:85
[    2610ms] [LOG] An error occurred in "": Failed to obtain terrain tile X: 54 Y: 10 Level: 5. Error message: "undefined" @ https://cesium.com/downloads/cesiumjs/releases/1.120/Build/Cesium/Cesium.js:85
[    2612ms] [LOG] An error occurred in "": Failed to obtain terrain tile X: 56 Y: 10 Level: 5. Error message: "undefined" @ https://cesium.com/downloads/cesiumjs/releases/1.120/Build/Cesium/Cesium.js:85
[    2613ms] [LOG] An error occurred in "": Failed to obtain terrain tile X: 55 Y: 13 Level: 5. Error message: "undefined" @ https://cesium.com/downloads/cesiumjs/releases/1.120/Build/Cesium/Cesium.js:85
[    2616ms] [LOG] An error occurred in "": Failed to obtain terrain tile X: 54 Y: 13 Level: 5. Error message: "undefined" @ https://cesium.com/downloads/cesiumjs/releases/1.120/Build/Cesium/Cesium.js:85
[    2616ms] [LOG] An error occurred in "": Failed to obtain terrain tile X: 56 Y: 13 Level: 5. Error message: "undefined" @ https://cesium.com/downloads/cesiumjs/releases/1.120/Build/Cesium/Cesium.js:85
[    2617ms] [LOG] An error occurred in "": Failed to obtain terrain tile X: 57 Y: 11 Level: 5. Error message: "undefined" @ https://cesium.com/downloads/cesiumjs/releases/1.120/Build/Cesium/Cesium.js:85
[    2627ms] [LOG] An error occurred in "": Failed to obtain terrain tile X: 57 Y: 12 Level: 5. Error message: "undefined" @ https://cesium.com/downloads/cesiumjs/releases/1.120/Build/Cesium/Cesium.js:85
[    2628ms] [LOG] An error occurred in "": Failed to obtain terrain tile X: 53 Y: 13 Level: 5. Error message: "undefined" @ https://cesium.com/downloads/cesiumjs/releases/1.120/Build/Cesium/Cesium.js:85
[    2629ms] [LOG] An error occurred in "": Failed to obtain terrain tile X: 57 Y: 10 Level: 5. Error message: "undefined" @ https://cesium.com/downloads/cesiumjs/releases/1.120/Build/Cesium/Cesium.js:85
[    2647ms] [LOG] An error occurred in "": Failed to obtain terrain tile X: 52 Y: 12 Level: 5. Error message: "undefined" @ https://cesium.com/downloads/cesiumjs/releases/1.120/Build/Cesium/Cesium.js:85
[    2658ms] [LOG] An error occurred in "": Failed to obtain terrain tile X: 57 Y: 13 Level: 5. Error message: "undefined" @ https://cesium.com/downloads/cesiumjs/releases/1.120/Build/Cesium/Cesium.js:85
[    2658ms] [LOG] An error occurred in "": Failed to obtain terrain tile X: 52 Y: 13 Level: 5. Error message: "undefined" @ https://cesium.com/downloads/cesiumjs/releases/1.120/Build/Cesium/Cesium.js:85
[    2706ms] [LOG] An error occurred in "": Failed to obtain terrain tile X: 53 Y: 12 Level: 5. Error message: "undefined" @ https://cesium.com/downloads/cesiumjs/releases/1.120/Build/Cesium/Cesium.js:85
[    2970ms] [LOG] An error occurred in "": Failed to obtain terrain tile X: 106 Y: 24 Level: 6. Error message: "undefined" @ https://cesium.com/downloads/cesiumjs/releases/1.120/Build/Cesium/Cesium.js:85
[    2980ms] [LOG] An error occurred in "": Failed to obtain terrain tile X: 107 Y: 24 Level: 6. Error message: "undefined" @ https://cesium.com/downloads/cesiumjs/releases/1.120/Build/Cesium/Cesium.js:85
[    2988ms] [LOG] An error occurred in "": Failed to obtain terrain tile X: 105 Y: 24 Level: 6. Error message: "undefined" @ https://cesium.com/downloads/cesiumjs/releases/1.120/Build/Cesium/Cesium.js:85
[    2998ms] [LOG] An error occurred in "": Failed to obtain terrain tile X: 107 Y: 22 Level: 6. Error message: "undefined" @ https://cesium.com/downloads/cesiumjs/releases/1.120/Build/Cesium/Cesium.js:85
[    2999ms] [LOG] An error occurred in "": Failed to obtain terrain tile X: 106 Y: 25 Level: 6. Error message: "undefined" @ https://cesium.com/downloads/cesiumjs/releases/1.120/Build/Cesium/Cesium.js:85
[    3000ms] [LOG] An error occurred in "": Failed to obtain terrain tile X: 107 Y: 25 Level: 6. Error message: "undefined" @ https://cesium.com/downloads/cesiumjs/releases/1.120/Build/Cesium/Cesium.js:85
[    3010ms] [LOG] An error occurred in "": Failed to obtain terrain tile X: 105 Y: 25 Level: 6. Error message: "undefined" @ https://cesium.com/downloads/cesiumjs/releases/1.120/Build/Cesium/Cesium.js:85
[    3050ms] [LOG] An error occurred in "": Failed to obtain terrain tile X: 108 Y: 23 Level: 6. Error message: "undefined" @ https://cesium.com/downloads/cesiumjs/releases/1.120/Build/Cesium/Cesium.js:85
[    3077ms] [LOG] An error occurred in "": Failed to obtain terrain tile X: 108 Y: 22 Level: 6. Error message: "undefined" @ https://cesium.com/downloads/cesiumjs/releases/1.120/Build/Cesium/Cesium.js:85
[    3077ms] [LOG] An error occurred in "": Failed to obtain terrain tile X: 108 Y: 25 Level: 6. Error message: "undefined" @ https://cesium.com/downloads/cesiumjs/releases/1.120/Build/Cesium/Cesium.js:85
[    3209ms] [LOG] An error occurred in "": Failed to obtain terrain tile X: 108 Y: 24 Level: 6. Error message: "undefined" @ https://cesium.com/downloads/cesiumjs/releases/1.120/Build/Cesium/Cesium.js:85
[    3215ms] [LOG] An error occurred in "": Failed to obtain terrain tile X: 104 Y: 25 Level: 6. Error message: "undefined" @ https://cesium.com/downloads/cesiumjs/releases/1.120/Build/Cesium/Cesium.js:85
[    3446ms] [LOG] An error occurred in "": Failed to obtain terrain tile X: 208 Y: 49 Level: 7. Error message: "undefined" @ https://cesium.com/downloads/cesiumjs/releases/1.120/Build/Cesium/Cesium.js:85
[    3450ms] [LOG] An error occurred in "": Failed to obtain terrain tile X: 209 Y: 49 Level: 7. Error message: "undefined" @ https://cesium.com/downloads/cesiumjs/releases/1.120/Build/Cesium/Cesium.js:85
[    3451ms] [LOG] An error occurred in "": Failed to obtain terrain tile X: 207 Y: 49 Level: 7. Error message: "undefined" @ https://cesium.com/downloads/cesiumjs/releases/1.120/Build/Cesium/Cesium.js:85
[    3580ms] [LOG] An error occurred in "": Failed to obtain terrain tile X: 210 Y: 49 Level: 7. Error message: "undefined" @ https://cesium.com/downloads/cesiumjs/releases/1.120/Build/Cesium/Cesium.js:85
[    3681ms] [LOG] An error occurred in "": Failed to obtain terrain tile X: 210 Y: 48 Level: 7. Error message: "undefined" @ https://cesium.com/downloads/cesiumjs/releases/1.120/Build/Cesium/Cesium.js:85
