[    3200ms] [LOG] %c欢迎使用CesiumTdt插件，%c该插件由Jason提供，%c目前支持1.120版本 color: green; font-size: 16px; font-weight: bold; color: blue; font-size: 14px; font-style: italic; color: red; font-size: 14px; font-weight: bold; @ http://localhost:8080/lib/cesiumTdt.js:0
[    4148ms] [ERROR] 采样A/B点地形失败: TypeError: Cannot read properties of undefined (reading 'computeMaximumLevelAtPosition')
    at Object.Qre (https://cesium.com/downloads/cesiumjs/releases/1.120/Build/Cesium/Cesium.js:93:186783)
    at Object.sampleElevation (http://localhost:8080/index.html:211:46)
    at runProfile (http://localhost:8080/index.html:942:36)
    at http://localhost:8080/index.html:358:30 @ http://localhost:8080/index.html:949
[    4152ms] [ERROR] 采样地形失败: TypeError: Cannot read properties of undefined (reading 'computeMaximumLevelAtPosition')
    at Object.Qre (https://cesium.com/downloads/cesiumjs/releases/1.120/Build/Cesium/Cesium.js:93:186783)
    at Object.sampleTerrainPath (http://localhost:8080/index.html:204:46)
    at runProfile (http://localhost:8080/index.html:1058:85) @ http://localhost:8080/index.html:1060
[    6607ms] [ERROR] Failed to load resource: the server responded with a status of 404 (Not Found) @ https://t2.tianditu.gov.cn/img_w?tk=3434e0337ed4d651277ec7e690a61b4c:0
[    6613ms] [LOG] An error occurred in "Tw": Failed to obtain image tile X: 1 Y: 0 Level: 1. @ https://cesium.com/downloads/cesiumjs/releases/1.120/Build/Cesium/Cesium.js:85
[    6615ms] [ERROR] Failed to load resource: the server responded with a status of 404 (Not Found) @ https://t2.tianditu.gov.cn/img_w?tk=3434e0337ed4d651277ec7e690a61b4c:0
[    6625ms] [LOG] An error occurred in "Tw": Failed to obtain image tile X: 0 Y: 1 Level: 1. @ https://cesium.com/downloads/cesiumjs/releases/1.120/Build/Cesium/Cesium.js:85
[    6626ms] [ERROR] Failed to load resource: the server responded with a status of 404 (Not Found) @ https://t2.tianditu.gov.cn/cva_w?tk=3434e0337ed4d651277ec7e690a61b4c:0
[    6628ms] [ERROR] Failed to load resource: the server responded with a status of 404 (Not Found) @ https://t1.tianditu.gov.cn/cva_w?tk=3434e0337ed4d651277ec7e690a61b4c:0
[    6633ms] [ERROR] Failed to load resource: the server responded with a status of 404 (Not Found) @ https://t3.tianditu.gov.cn/img_w?tk=3434e0337ed4d651277ec7e690a61b4c:0
[    6636ms] [ERROR] Failed to load resource: the server responded with a status of 404 (Not Found) @ https://t1.tianditu.gov.cn/img_w?tk=3434e0337ed4d651277ec7e690a61b4c:0
[    6638ms] [ERROR] Failed to load resource: the server responded with a status of 404 (Not Found) @ https://t3.tianditu.gov.cn/cva_w?tk=3434e0337ed4d651277ec7e690a61b4c:0
[    6647ms] [ERROR] Failed to load resource: the server responded with a status of 404 (Not Found) @ https://t2.tianditu.gov.cn/cva_w?tk=3434e0337ed4d651277ec7e690a61b4c:0
[    6647ms] [LOG] An error occurred in "Tw": Failed to obtain image tile X: 1 Y: 0 Level: 1. @ https://cesium.com/downloads/cesiumjs/releases/1.120/Build/Cesium/Cesium.js:85
[    6647ms] [LOG] An error occurred in "Tw": Failed to obtain image tile X: 0 Y: 0 Level: 1. @ https://cesium.com/downloads/cesiumjs/releases/1.120/Build/Cesium/Cesium.js:85
[    6648ms] [LOG] An error occurred in "Tw": Failed to obtain image tile X: 1 Y: 1 Level: 1. @ https://cesium.com/downloads/cesiumjs/releases/1.120/Build/Cesium/Cesium.js:85
[    6648ms] [LOG] An error occurred in "Tw": Failed to obtain image tile X: 0 Y: 0 Level: 1. @ https://cesium.com/downloads/cesiumjs/releases/1.120/Build/Cesium/Cesium.js:85
[    6648ms] [LOG] An error occurred in "Tw": Failed to obtain image tile X: 1 Y: 1 Level: 1. @ https://cesium.com/downloads/cesiumjs/releases/1.120/Build/Cesium/Cesium.js:85
[    6648ms] [LOG] An error occurred in "Tw": Failed to obtain image tile X: 0 Y: 1 Level: 1. @ https://cesium.com/downloads/cesiumjs/releases/1.120/Build/Cesium/Cesium.js:85
[    6816ms] [ERROR] Failed to load resource: the server responded with a status of 404 (Not Found) @ https://t0.tianditu.gov.cn/img_w?tk=3434e0337ed4d651277ec7e690a61b4c:0
[    6818ms] [LOG] An error occurred in "Tw": Failed to obtain image tile X: 0 Y: 0 Level: 0. @ https://cesium.com/downloads/cesiumjs/releases/1.120/Build/Cesium/Cesium.js:85
[    6850ms] [ERROR] Failed to load resource: the server responded with a status of 404 (Not Found) @ https://t0.tianditu.gov.cn/cva_w?tk=3434e0337ed4d651277ec7e690a61b4c:0
[    7022ms] [LOG] An error occurred in "Tw": Failed to obtain image tile X: 0 Y: 0 Level: 0. @ https://cesium.com/downloads/cesiumjs/releases/1.120/Build/Cesium/Cesium.js:85
[    7039ms] [ERROR] Failed to load resource: the server responded with a status of 404 (Not Found) @ https://t3.tianditu.gov.cn/img_w?tk=3434e0337ed4d651277ec7e690a61b4c:0
[    7040ms] [ERROR] Failed to load resource: the server responded with a status of 404 (Not Found) @ https://t3.tianditu.gov.cn/cva_w?tk=3434e0337ed4d651277ec7e690a61b4c:0
[    7041ms] [LOG] An error occurred in "Tw": Failed to obtain image tile X: 6 Y: 2 Level: 3. @ https://cesium.com/downloads/cesiumjs/releases/1.120/Build/Cesium/Cesium.js:85
[    7042ms] [LOG] An error occurred in "Tw": Failed to obtain image tile X: 6 Y: 2 Level: 3. @ https://cesium.com/downloads/cesiumjs/releases/1.120/Build/Cesium/Cesium.js:85
[    7176ms] [LOG] An error occurred in "": Failed to obtain terrain tile X: 207 Y: 49 Level: 7. Error message: "undefined" @ https://cesium.com/downloads/cesiumjs/releases/1.120/Build/Cesium/Cesium.js:85
[    7177ms] [LOG] An error occurred in "": Failed to obtain terrain tile X: 209 Y: 49 Level: 7. Error message: "undefined" @ https://cesium.com/downloads/cesiumjs/releases/1.120/Build/Cesium/Cesium.js:85
[    7229ms] [ERROR] Failed to load resource: the server responded with a status of 404 (Not Found) @ https://t3.tianditu.gov.cn/img_w?tk=3434e0337ed4d651277ec7e690a61b4c:0
[    7288ms] [ERROR] Failed to load resource: the server responded with a status of 404 (Not Found) @ https://t3.tianditu.gov.cn/cva_w?tk=3434e0337ed4d651277ec7e690a61b4c:0
[    7289ms] [ERROR] Failed to load resource: the server responded with a status of 404 (Not Found) @ https://t3.tianditu.gov.cn/img_w?tk=3434e0337ed4d651277ec7e690a61b4c:0
[    7290ms] [ERROR] Failed to load resource: the server responded with a status of 404 (Not Found) @ https://t3.tianditu.gov.cn/cva_w?tk=3434e0337ed4d651277ec7e690a61b4c:0
[    7290ms] [ERROR] Failed to load resource: the server responded with a status of 404 (Not Found) @ https://t2.tianditu.gov.cn/img_w?tk=3434e0337ed4d651277ec7e690a61b4c:0
[    7291ms] [ERROR] Failed to load resource: the server responded with a status of 404 (Not Found) @ https://t2.tianditu.gov.cn/cva_w?tk=3434e0337ed4d651277ec7e690a61b4c:0
[    7291ms] [ERROR] Failed to load resource: the server responded with a status of 404 (Not Found) @ https://t4.tianditu.gov.cn/img_w?tk=3434e0337ed4d651277ec7e690a61b4c:0
[    7312ms] [ERROR] Failed to load resource: the server responded with a status of 404 (Not Found) @ https://t4.tianditu.gov.cn/img_w?tk=3434e0337ed4d651277ec7e690a61b4c:0
[    7313ms] [ERROR] Failed to load resource: the server responded with a status of 404 (Not Found) @ https://t0.tianditu.gov.cn/img_w?tk=3434e0337ed4d651277ec7e690a61b4c:0
[    7313ms] [ERROR] Failed to load resource: the server responded with a status of 404 (Not Found) @ https://t0.tianditu.gov.cn/cva_w?tk=3434e0337ed4d651277ec7e690a61b4c:0
[    7313ms] [ERROR] Failed to load resource: the server responded with a status of 404 (Not Found) @ https://t4.tianditu.gov.cn/img_w?tk=3434e0337ed4d651277ec7e690a61b4c:0
[    7313ms] [LOG] An error occurred in "Tw": Failed to obtain image tile X: 25 Y: 13 Level: 5. @ https://cesium.com/downloads/cesiumjs/releases/1.120/Build/Cesium/Cesium.js:85
[    7326ms] [LOG] An error occurred in "Tw": Failed to obtain image tile X: 25 Y: 13 Level: 5. @ https://cesium.com/downloads/cesiumjs/releases/1.120/Build/Cesium/Cesium.js:85
[    7326ms] [LOG] An error occurred in "Tw": Failed to obtain image tile X: 26 Y: 12 Level: 5. @ https://cesium.com/downloads/cesiumjs/releases/1.120/Build/Cesium/Cesium.js:85
[    7326ms] [LOG] An error occurred in "Tw": Failed to obtain image tile X: 26 Y: 12 Level: 5. @ https://cesium.com/downloads/cesiumjs/releases/1.120/Build/Cesium/Cesium.js:85
[    7326ms] [LOG] An error occurred in "Tw": Failed to obtain image tile X: 25 Y: 12 Level: 5. @ https://cesium.com/downloads/cesiumjs/releases/1.120/Build/Cesium/Cesium.js:85
[    7326ms] [LOG] An error occurred in "Tw": Failed to obtain image tile X: 25 Y: 12 Level: 5. @ https://cesium.com/downloads/cesiumjs/releases/1.120/Build/Cesium/Cesium.js:85
[    7326ms] [LOG] An error occurred in "Tw": Failed to obtain image tile X: 6 Y: 3 Level: 3. @ https://cesium.com/downloads/cesiumjs/releases/1.120/Build/Cesium/Cesium.js:85
[    7326ms] [LOG] An error occurred in "Tw": Failed to obtain image tile X: 25 Y: 14 Level: 5. @ https://cesium.com/downloads/cesiumjs/releases/1.120/Build/Cesium/Cesium.js:85
[    7327ms] [LOG] An error occurred in "Tw": Failed to obtain image tile X: 13 Y: 7 Level: 4. @ https://cesium.com/downloads/cesiumjs/releases/1.120/Build/Cesium/Cesium.js:85
[    7327ms] [LOG] An error occurred in "Tw": Failed to obtain image tile X: 13 Y: 7 Level: 4. @ https://cesium.com/downloads/cesiumjs/releases/1.120/Build/Cesium/Cesium.js:85
[    7327ms] [LOG] An error occurred in "Tw": Failed to obtain image tile X: 26 Y: 13 Level: 5. @ https://cesium.com/downloads/cesiumjs/releases/1.120/Build/Cesium/Cesium.js:85
[    7341ms] [ERROR] Failed to load resource: the server responded with a status of 404 (Not Found) @ https://t3.tianditu.gov.cn/img_w?tk=3434e0337ed4d651277ec7e690a61b4c:0
[    7354ms] [ERROR] Failed to load resource: the server responded with a status of 404 (Not Found) @ https://t4.tianditu.gov.cn/img_w?tk=3434e0337ed4d651277ec7e690a61b4c:0
[    7391ms] [ERROR] Failed to load resource: the server responded with a status of 404 (Not Found) @ https://t3.tianditu.gov.cn/cva_w?tk=3434e0337ed4d651277ec7e690a61b4c:0
[    7394ms] [LOG] An error occurred in "": Failed to obtain terrain tile X: 208 Y: 49 Level: 7. Error message: "undefined" @ https://cesium.com/downloads/cesiumjs/releases/1.120/Build/Cesium/Cesium.js:85
[    7419ms] [ERROR] Failed to load resource: the server responded with a status of 404 (Not Found) @ https://t1.tianditu.gov.cn/img_w?tk=3434e0337ed4d651277ec7e690a61b4c:0
[    7419ms] [ERROR] Failed to load resource: the server responded with a status of 404 (Not Found) @ https://t2.tianditu.gov.cn/img_w?tk=3434e0337ed4d651277ec7e690a61b4c:0
[    7420ms] [ERROR] Failed to load resource: the server responded with a status of 404 (Not Found) @ https://t1.tianditu.gov.cn/cva_w?tk=3434e0337ed4d651277ec7e690a61b4c:0
[    7420ms] [ERROR] Failed to load resource: the server responded with a status of 404 (Not Found) @ https://t2.tianditu.gov.cn/cva_w?tk=3434e0337ed4d651277ec7e690a61b4c:0
[    7421ms] [LOG] An error occurred in "Tw": Failed to obtain image tile X: 206 Y: 109 Level: 8. @ https://cesium.com/downloads/cesiumjs/releases/1.120/Build/Cesium/Cesium.js:85
[    7421ms] [LOG] An error occurred in "Tw": Failed to obtain image tile X: 206 Y: 110 Level: 8. @ https://cesium.com/downloads/cesiumjs/releases/1.120/Build/Cesium/Cesium.js:85
[    7438ms] [ERROR] Failed to load resource: the server responded with a status of 404 (Not Found) @ https://t4.tianditu.gov.cn/cva_w?tk=3434e0337ed4d651277ec7e690a61b4c:0
[    7452ms] [ERROR] Failed to load resource: the server responded with a status of 404 (Not Found) @ https://t4.tianditu.gov.cn/cva_w?tk=3434e0337ed4d651277ec7e690a61b4c:0
[    7452ms] [ERROR] Failed to load resource: the server responded with a status of 404 (Not Found) @ https://t4.tianditu.gov.cn/cva_w?tk=3434e0337ed4d651277ec7e690a61b4c:0
[    7474ms] [LOG] An error occurred in "Tw": Failed to obtain image tile X: 206 Y: 109 Level: 8. @ https://cesium.com/downloads/cesiumjs/releases/1.120/Build/Cesium/Cesium.js:85
[    7474ms] [LOG] An error occurred in "Tw": Failed to obtain image tile X: 209 Y: 112 Level: 8. @ https://cesium.com/downloads/cesiumjs/releases/1.120/Build/Cesium/Cesium.js:85
[    7475ms] [LOG] An error occurred in "Tw": Failed to obtain image tile X: 209 Y: 113 Level: 8. @ https://cesium.com/downloads/cesiumjs/releases/1.120/Build/Cesium/Cesium.js:85
[    7475ms] [LOG] An error occurred in "Tw": Failed to obtain image tile X: 209 Y: 112 Level: 8. @ https://cesium.com/downloads/cesiumjs/releases/1.120/Build/Cesium/Cesium.js:85
[    7475ms] [ERROR] Failed to load resource: the server responded with a status of 404 (Not Found) @ https://t4.tianditu.gov.cn/cva_w?tk=3434e0337ed4d651277ec7e690a61b4c:0
[    7507ms] [ERROR] Failed to load resource: the server responded with a status of 404 (Not Found) @ https://t4.tianditu.gov.cn/img_w?tk=3434e0337ed4d651277ec7e690a61b4c:0
[    7508ms] [LOG] An error occurred in "Tw": Failed to obtain image tile X: 209 Y: 113 Level: 8. @ https://cesium.com/downloads/cesiumjs/releases/1.120/Build/Cesium/Cesium.js:85
[    7508ms] [LOG] An error occurred in "Tw": Failed to obtain image tile X: 6 Y: 3 Level: 3. @ https://cesium.com/downloads/cesiumjs/releases/1.120/Build/Cesium/Cesium.js:85
[    7508ms] [LOG] An error occurred in "Tw": Failed to obtain image tile X: 25 Y: 14 Level: 5. @ https://cesium.com/downloads/cesiumjs/releases/1.120/Build/Cesium/Cesium.js:85
[    7509ms] [LOG] An error occurred in "Tw": Failed to obtain image tile X: 26 Y: 13 Level: 5. @ https://cesium.com/downloads/cesiumjs/releases/1.120/Build/Cesium/Cesium.js:85
[    7529ms] [ERROR] Failed to load resource: the server responded with a status of 404 (Not Found) @ https://t4.tianditu.gov.cn/cva_w?tk=3434e0337ed4d651277ec7e690a61b4c:0
[    7529ms] [ERROR] Failed to load resource: the server responded with a status of 404 (Not Found) @ https://t4.tianditu.gov.cn/img_w?tk=3434e0337ed4d651277ec7e690a61b4c:0
[    7530ms] [ERROR] Failed to load resource: the server responded with a status of 404 (Not Found) @ https://t4.tianditu.gov.cn/cva_w?tk=3434e0337ed4d651277ec7e690a61b4c:0
[    7531ms] [LOG] An error occurred in "Tw": Failed to obtain image tile X: 206 Y: 110 Level: 8. @ https://cesium.com/downloads/cesiumjs/releases/1.120/Build/Cesium/Cesium.js:85
[    7532ms] [LOG] An error occurred in "Tw": Failed to obtain image tile X: 103 Y: 54 Level: 7. @ https://cesium.com/downloads/cesiumjs/releases/1.120/Build/Cesium/Cesium.js:85
[    7533ms] [ERROR] Failed to load resource: the server responded with a status of 404 (Not Found) @ https://t5.tianditu.gov.cn/img_w?tk=3434e0337ed4d651277ec7e690a61b4c:0
[    7535ms] [LOG] An error occurred in "": Failed to obtain terrain tile X: 52 Y: 12 Level: 5. Error message: "undefined" @ https://cesium.com/downloads/cesiumjs/releases/1.120/Build/Cesium/Cesium.js:85
[    7535ms] [ERROR] Failed to load resource: the server responded with a status of 404 (Not Found) @ https://t5.tianditu.gov.cn/img_w?tk=3434e0337ed4d651277ec7e690a61b4c:0
[    7536ms] [ERROR] Failed to load resource: the server responded with a status of 404 (Not Found) @ https://t5.tianditu.gov.cn/img_w?tk=3434e0337ed4d651277ec7e690a61b4c:0
[    7536ms] [ERROR] Failed to load resource: the server responded with a status of 404 (Not Found) @ https://t5.tianditu.gov.cn/img_w?tk=3434e0337ed4d651277ec7e690a61b4c:0
[    7536ms] [ERROR] Failed to load resource: the server responded with a status of 404 (Not Found) @ https://t5.tianditu.gov.cn/img_w?tk=3434e0337ed4d651277ec7e690a61b4c:0
[    7544ms] [LOG] An error occurred in "Tw": Failed to obtain image tile X: 103 Y: 54 Level: 7. @ https://cesium.com/downloads/cesiumjs/releases/1.120/Build/Cesium/Cesium.js:85
[    7545ms] [LOG] An error occurred in "Tw": Failed to obtain image tile X: 51 Y: 27 Level: 6. @ https://cesium.com/downloads/cesiumjs/releases/1.120/Build/Cesium/Cesium.js:85
[    7545ms] [LOG] An error occurred in "Tw": Failed to obtain image tile X: 51 Y: 27 Level: 6. @ https://cesium.com/downloads/cesiumjs/releases/1.120/Build/Cesium/Cesium.js:85
[    7545ms] [ERROR] Failed to load resource: the server responded with a status of 404 (Not Found) @ https://t5.tianditu.gov.cn/img_w?tk=3434e0337ed4d651277ec7e690a61b4c:0
[    7546ms] [ERROR] Failed to load resource: the server responded with a status of 404 (Not Found) @ https://t0.tianditu.gov.cn/img_w?tk=3434e0337ed4d651277ec7e690a61b4c:0
[    7546ms] [ERROR] Failed to load resource: the server responded with a status of 404 (Not Found) @ https://t1.tianditu.gov.cn/img_w?tk=3434e0337ed4d651277ec7e690a61b4c:0
[    7546ms] [ERROR] Failed to load resource: the server responded with a status of 404 (Not Found) @ https://t0.tianditu.gov.cn/cva_w?tk=3434e0337ed4d651277ec7e690a61b4c:0
[    7546ms] [ERROR] Failed to load resource: the server responded with a status of 404 (Not Found) @ https://t1.tianditu.gov.cn/cva_w?tk=3434e0337ed4d651277ec7e690a61b4c:0
[    7547ms] [ERROR] Failed to load resource: the server responded with a status of 404 (Not Found) @ https://t4.tianditu.gov.cn/img_w?tk=3434e0337ed4d651277ec7e690a61b4c:0
[    7547ms] [ERROR] Failed to load resource: the server responded with a status of 404 (Not Found) @ https://t4.tianditu.gov.cn/cva_w?tk=3434e0337ed4d651277ec7e690a61b4c:0
[    7547ms] [ERROR] Failed to load resource: the server responded with a status of 404 (Not Found) @ https://t5.tianditu.gov.cn/img_w?tk=3434e0337ed4d651277ec7e690a61b4c:0
[    7557ms] [LOG] An error occurred in "Tw": Failed to obtain image tile X: 3 Y: 0 Level: 2. @ https://cesium.com/downloads/cesiumjs/releases/1.120/Build/Cesium/Cesium.js:85
[    7558ms] [LOG] An error occurred in "Tw": Failed to obtain image tile X: 26 Y: 14 Level: 5. @ https://cesium.com/downloads/cesiumjs/releases/1.120/Build/Cesium/Cesium.js:85
[    7559ms] [LOG] An error occurred in "Tw": Failed to obtain image tile X: 12 Y: 5 Level: 4. @ https://cesium.com/downloads/cesiumjs/releases/1.120/Build/Cesium/Cesium.js:85
[    7559ms] [LOG] An error occurred in "Tw": Failed to obtain image tile X: 206 Y: 111 Level: 8. @ https://cesium.com/downloads/cesiumjs/releases/1.120/Build/Cesium/Cesium.js:85
[    7560ms] [LOG] An error occurred in "Tw": Failed to obtain image tile X: 207 Y: 110 Level: 8. @ https://cesium.com/downloads/cesiumjs/releases/1.120/Build/Cesium/Cesium.js:85
[    7561ms] [ERROR] Failed to load resource: the server responded with a status of 404 (Not Found) @ https://t0.tianditu.gov.cn/img_w?tk=3434e0337ed4d651277ec7e690a61b4c:0
[    7561ms] [ERROR] Failed to load resource: the server responded with a status of 404 (Not Found) @ https://t0.tianditu.gov.cn/cva_w?tk=3434e0337ed4d651277ec7e690a61b4c:0
[    7561ms] [ERROR] Failed to load resource: the server responded with a status of 404 (Not Found) @ https://t5.tianditu.gov.cn/img_w?tk=3434e0337ed4d651277ec7e690a61b4c:0
[    7562ms] [LOG] An error occurred in "Tw": Failed to obtain image tile X: 103 Y: 55 Level: 7. @ https://cesium.com/downloads/cesiumjs/releases/1.120/Build/Cesium/Cesium.js:85
[    7562ms] [LOG] An error occurred in "Tw": Failed to obtain image tile X: 208 Y: 112 Level: 8. @ https://cesium.com/downloads/cesiumjs/releases/1.120/Build/Cesium/Cesium.js:85
[    7562ms] [LOG] An error occurred in "Tw": Failed to obtain image tile X: 208 Y: 113 Level: 8. @ https://cesium.com/downloads/cesiumjs/releases/1.120/Build/Cesium/Cesium.js:85
[    7562ms] [LOG] An error occurred in "Tw": Failed to obtain image tile X: 208 Y: 112 Level: 8. @ https://cesium.com/downloads/cesiumjs/releases/1.120/Build/Cesium/Cesium.js:85
[    7562ms] [LOG] An error occurred in "Tw": Failed to obtain image tile X: 208 Y: 113 Level: 8. @ https://cesium.com/downloads/cesiumjs/releases/1.120/Build/Cesium/Cesium.js:85
[    7562ms] [LOG] An error occurred in "Tw": Failed to obtain image tile X: 104 Y: 54 Level: 7. @ https://cesium.com/downloads/cesiumjs/releases/1.120/Build/Cesium/Cesium.js:85
[    7563ms] [LOG] An error occurred in "Tw": Failed to obtain image tile X: 205 Y: 111 Level: 8. @ https://cesium.com/downloads/cesiumjs/releases/1.120/Build/Cesium/Cesium.js:85
[    7563ms] [LOG] An error occurred in "Tw": Failed to obtain image tile X: 205 Y: 111 Level: 8. @ https://cesium.com/downloads/cesiumjs/releases/1.120/Build/Cesium/Cesium.js:85
[    7575ms] [LOG] An error occurred in "Tw": Failed to obtain image tile X: 51 Y: 28 Level: 6. @ https://cesium.com/downloads/cesiumjs/releases/1.120/Build/Cesium/Cesium.js:85
[    7576ms] [ERROR] Failed to load resource: the server responded with a status of 404 (Not Found) @ https://t5.tianditu.gov.cn/img_w?tk=3434e0337ed4d651277ec7e690a61b4c:0
[    7588ms] [LOG] An error occurred in "Tw": Failed to obtain image tile X: 209 Y: 111 Level: 8. @ https://cesium.com/downloads/cesiumjs/releases/1.120/Build/Cesium/Cesium.js:85
[    7589ms] [LOG] An error occurred in "Tw": Failed to obtain image tile X: 209 Y: 111 Level: 8. @ https://cesium.com/downloads/cesiumjs/releases/1.120/Build/Cesium/Cesium.js:85
[    7589ms] [ERROR] Failed to load resource: the server responded with a status of 404 (Not Found) @ https://t5.tianditu.gov.cn/img_w?tk=3434e0337ed4d651277ec7e690a61b4c:0
[    7594ms] [ERROR] Failed to load resource: the server responded with a status of 404 (Not Found) @ https://t4.tianditu.gov.cn/img_w?tk=3434e0337ed4d651277ec7e690a61b4c:0
[    7594ms] [ERROR] Failed to load resource: the server responded with a status of 404 (Not Found) @ https://t4.tianditu.gov.cn/cva_w?tk=3434e0337ed4d651277ec7e690a61b4c:0
[    7595ms] [LOG] An error occurred in "Tw": Failed to obtain image tile X: 205 Y: 112 Level: 8. @ https://cesium.com/downloads/cesiumjs/releases/1.120/Build/Cesium/Cesium.js:85
[    7596ms] [LOG] An error occurred in "Tw": Failed to obtain image tile X: 52 Y: 27 Level: 6. @ https://cesium.com/downloads/cesiumjs/releases/1.120/Build/Cesium/Cesium.js:85
[    7596ms] [LOG] An error occurred in "Tw": Failed to obtain image tile X: 102 Y: 55 Level: 7. @ https://cesium.com/downloads/cesiumjs/releases/1.120/Build/Cesium/Cesium.js:85
[    7596ms] [LOG] An error occurred in "Tw": Failed to obtain image tile X: 102 Y: 55 Level: 7. @ https://cesium.com/downloads/cesiumjs/releases/1.120/Build/Cesium/Cesium.js:85
[    7608ms] [ERROR] Failed to load resource: the server responded with a status of 404 (Not Found) @ https://t4.tianditu.gov.cn/img_w?tk=3434e0337ed4d651277ec7e690a61b4c:0
[    7608ms] [ERROR] Failed to load resource: the server responded with a status of 404 (Not Found) @ https://t4.tianditu.gov.cn/cva_w?tk=3434e0337ed4d651277ec7e690a61b4c:0
[    7609ms] [LOG] An error occurred in "Tw": Failed to obtain image tile X: 207 Y: 109 Level: 8. @ https://cesium.com/downloads/cesiumjs/releases/1.120/Build/Cesium/Cesium.js:85
[    7611ms] [LOG] An error occurred in "Tw": Failed to obtain image tile X: 207 Y: 109 Level: 8. @ https://cesium.com/downloads/cesiumjs/releases/1.120/Build/Cesium/Cesium.js:85
[    7611ms] [ERROR] Failed to load resource: the server responded with a status of 404 (Not Found) @ https://t5.tianditu.gov.cn/img_w?tk=3434e0337ed4d651277ec7e690a61b4c:0
[    7612ms] [LOG] An error occurred in "Tw": Failed to obtain image tile X: 102 Y: 56 Level: 7. @ https://cesium.com/downloads/cesiumjs/releases/1.120/Build/Cesium/Cesium.js:85
[    7709ms] [ERROR] Failed to load resource: the server responded with a status of 404 (Not Found) @ https://t3.tianditu.gov.cn/img_w?tk=3434e0337ed4d651277ec7e690a61b4c:0
[    7709ms] [ERROR] Failed to load resource: the server responded with a status of 404 (Not Found) @ https://t3.tianditu.gov.cn/cva_w?tk=3434e0337ed4d651277ec7e690a61b4c:0
[    7709ms] [ERROR] Failed to load resource: the server responded with a status of 404 (Not Found) @ https://t5.tianditu.gov.cn/cva_w?tk=3434e0337ed4d651277ec7e690a61b4c:0
[    7710ms] [ERROR] Failed to load resource: the server responded with a status of 404 (Not Found) @ https://t5.tianditu.gov.cn/cva_w?tk=3434e0337ed4d651277ec7e690a61b4c:0
[    7710ms] [ERROR] Failed to load resource: the server responded with a status of 404 (Not Found) @ https://t5.tianditu.gov.cn/cva_w?tk=3434e0337ed4d651277ec7e690a61b4c:0
[    7714ms] [ERROR] Failed to load resource: the server responded with a status of 404 (Not Found) @ https://t5.tianditu.gov.cn/cva_w?tk=3434e0337ed4d651277ec7e690a61b4c:0
[    7714ms] [ERROR] Failed to load resource: the server responded with a status of 404 (Not Found) @ https://t5.tianditu.gov.cn/cva_w?tk=3434e0337ed4d651277ec7e690a61b4c:0
[    7715ms] [ERROR] Failed to load resource: the server responded with a status of 404 (Not Found) @ https://t5.tianditu.gov.cn/cva_w?tk=3434e0337ed4d651277ec7e690a61b4c:0
[    7715ms] [ERROR] Failed to load resource: the server responded with a status of 404 (Not Found) @ https://t5.tianditu.gov.cn/cva_w?tk=3434e0337ed4d651277ec7e690a61b4c:0
[    7715ms] [ERROR] Failed to load resource: the server responded with a status of 404 (Not Found) @ https://t6.tianditu.gov.cn/cva_w?tk=3434e0337ed4d651277ec7e690a61b4c:0
[    7716ms] [ERROR] Failed to load resource: the server responded with a status of 404 (Not Found) @ https://t6.tianditu.gov.cn/img_w?tk=3434e0337ed4d651277ec7e690a61b4c:0
[    7716ms] [ERROR] Failed to load resource: the server responded with a status of 404 (Not Found) @ https://t6.tianditu.gov.cn/cva_w?tk=3434e0337ed4d651277ec7e690a61b4c:0
[    7717ms] [ERROR] Failed to load resource: the server responded with a status of 404 (Not Found) @ https://t6.tianditu.gov.cn/img_w?tk=3434e0337ed4d651277ec7e690a61b4c:0
[    7717ms] [ERROR] Failed to load resource: the server responded with a status of 404 (Not Found) @ https://t5.tianditu.gov.cn/cva_w?tk=3434e0337ed4d651277ec7e690a61b4c:0
[    7718ms] [ERROR] Failed to load resource: the server responded with a status of 404 (Not Found) @ https://t6.tianditu.gov.cn/img_w?tk=3434e0337ed4d651277ec7e690a61b4c:0
[    7723ms] [ERROR] Failed to load resource: the server responded with a status of 404 (Not Found) @ https://t6.tianditu.gov.cn/cva_w?tk=3434e0337ed4d651277ec7e690a61b4c:0
[    7723ms] [LOG] An error occurred in "Tw": Failed to obtain image tile X: 205 Y: 110 Level: 8. @ https://cesium.com/downloads/cesiumjs/releases/1.120/Build/Cesium/Cesium.js:85
[    7724ms] [LOG] An error occurred in "Tw": Failed to obtain image tile X: 205 Y: 110 Level: 8. @ https://cesium.com/downloads/cesiumjs/releases/1.120/Build/Cesium/Cesium.js:85
[    7725ms] [LOG] An error occurred in "Tw": Failed to obtain image tile X: 3 Y: 0 Level: 2. @ https://cesium.com/downloads/cesiumjs/releases/1.120/Build/Cesium/Cesium.js:85
[    7726ms] [LOG] An error occurred in "Tw": Failed to obtain image tile X: 26 Y: 14 Level: 5. @ https://cesium.com/downloads/cesiumjs/releases/1.120/Build/Cesium/Cesium.js:85
[    7726ms] [LOG] An error occurred in "Tw": Failed to obtain image tile X: 12 Y: 5 Level: 4. @ https://cesium.com/downloads/cesiumjs/releases/1.120/Build/Cesium/Cesium.js:85
[    7726ms] [LOG] An error occurred in "Tw": Failed to obtain image tile X: 206 Y: 111 Level: 8. @ https://cesium.com/downloads/cesiumjs/releases/1.120/Build/Cesium/Cesium.js:85
[    7726ms] [LOG] An error occurred in "Tw": Failed to obtain image tile X: 207 Y: 110 Level: 8. @ https://cesium.com/downloads/cesiumjs/releases/1.120/Build/Cesium/Cesium.js:85
[    7726ms] [LOG] An error occurred in "Tw": Failed to obtain image tile X: 104 Y: 54 Level: 7. @ https://cesium.com/downloads/cesiumjs/releases/1.120/Build/Cesium/Cesium.js:85
[    7727ms] [LOG] An error occurred in "Tw": Failed to obtain image tile X: 51 Y: 28 Level: 6. @ https://cesium.com/downloads/cesiumjs/releases/1.120/Build/Cesium/Cesium.js:85
[    7727ms] [LOG] An error occurred in "Tw": Failed to obtain image tile X: 3 Y: 1 Level: 2. @ https://cesium.com/downloads/cesiumjs/releases/1.120/Build/Cesium/Cesium.js:85
[    7727ms] [LOG] An error occurred in "Tw": Failed to obtain image tile X: 3 Y: 1 Level: 2. @ https://cesium.com/downloads/cesiumjs/releases/1.120/Build/Cesium/Cesium.js:85
[    7727ms] [LOG] An error occurred in "Tw": Failed to obtain image tile X: 12 Y: 6 Level: 4. @ https://cesium.com/downloads/cesiumjs/releases/1.120/Build/Cesium/Cesium.js:85
[    7727ms] [LOG] An error occurred in "Tw": Failed to obtain image tile X: 12 Y: 6 Level: 4. @ https://cesium.com/downloads/cesiumjs/releases/1.120/Build/Cesium/Cesium.js:85
[    7728ms] [ERROR] Failed to load resource: the server responded with a status of 404 (Not Found) @ https://t5.tianditu.gov.cn/cva_w?tk=3434e0337ed4d651277ec7e690a61b4c:0
[    7749ms] [LOG] An error occurred in "Tw": Failed to obtain image tile X: 205 Y: 112 Level: 8. @ https://cesium.com/downloads/cesiumjs/releases/1.120/Build/Cesium/Cesium.js:85
[    7749ms] [LOG] An error occurred in "Tw": Failed to obtain image tile X: 206 Y: 112 Level: 8. @ https://cesium.com/downloads/cesiumjs/releases/1.120/Build/Cesium/Cesium.js:85
[    7749ms] [LOG] An error occurred in "Tw": Failed to obtain image tile X: 206 Y: 112 Level: 8. @ https://cesium.com/downloads/cesiumjs/releases/1.120/Build/Cesium/Cesium.js:85
[    7750ms] [ERROR] Failed to load resource: the server responded with a status of 404 (Not Found) @ https://t6.tianditu.gov.cn/img_w?tk=3434e0337ed4d651277ec7e690a61b4c:0
[    7761ms] [ERROR] Failed to load resource: the server responded with a status of 404 (Not Found) @ https://t6.tianditu.gov.cn/cva_w?tk=3434e0337ed4d651277ec7e690a61b4c:0
[    7762ms] [ERROR] Failed to load resource: the server responded with a status of 404 (Not Found) @ https://t5.tianditu.gov.cn/cva_w?tk=3434e0337ed4d651277ec7e690a61b4c:0
[    7762ms] [ERROR] Failed to load resource: the server responded with a status of 404 (Not Found) @ https://t6.tianditu.gov.cn/img_w?tk=3434e0337ed4d651277ec7e690a61b4c:0
[    7762ms] [ERROR] Failed to load resource: the server responded with a status of 404 (Not Found) @ https://t6.tianditu.gov.cn/cva_w?tk=3434e0337ed4d651277ec7e690a61b4c:0
[    7769ms] [ERROR] Failed to load resource: the server responded with a status of 404 (Not Found) @ https://t6.tianditu.gov.cn/img_w?tk=3434e0337ed4d651277ec7e690a61b4c:0
[    7769ms] [ERROR] Failed to load resource: the server responded with a status of 404 (Not Found) @ https://t6.tianditu.gov.cn/cva_w?tk=3434e0337ed4d651277ec7e690a61b4c:0
[    7780ms] [ERROR] Failed to load resource: the server responded with a status of 404 (Not Found) @ https://t6.tianditu.gov.cn/img_w?tk=3434e0337ed4d651277ec7e690a61b4c:0
[    7781ms] [ERROR] Failed to load resource: the server responded with a status of 404 (Not Found) @ https://t6.tianditu.gov.cn/cva_w?tk=3434e0337ed4d651277ec7e690a61b4c:0
[    7781ms] [LOG] An error occurred in "Tw": Failed to obtain image tile X: 103 Y: 55 Level: 7. @ https://cesium.com/downloads/cesiumjs/releases/1.120/Build/Cesium/Cesium.js:85
[    7781ms] [ERROR] Failed to load resource: the server responded with a status of 404 (Not Found) @ https://t6.tianditu.gov.cn/img_w?tk=3434e0337ed4d651277ec7e690a61b4c:0
[    7782ms] [ERROR] Failed to load resource: the server responded with a status of 404 (Not Found) @ https://t6.tianditu.gov.cn/cva_w?tk=3434e0337ed4d651277ec7e690a61b4c:0
[    7782ms] [ERROR] Failed to load resource: the server responded with a status of 404 (Not Found) @ https://t6.tianditu.gov.cn/img_w?tk=3434e0337ed4d651277ec7e690a61b4c:0
[    7782ms] [ERROR] Failed to load resource: the server responded with a status of 404 (Not Found) @ https://t6.tianditu.gov.cn/cva_w?tk=3434e0337ed4d651277ec7e690a61b4c:0
[    7790ms] [ERROR] Failed to load resource: the server responded with a status of 404 (Not Found) @ https://t6.tianditu.gov.cn/img_w?tk=3434e0337ed4d651277ec7e690a61b4c:0
[    7790ms] [ERROR] Failed to load resource: the server responded with a status of 404 (Not Found) @ https://t6.tianditu.gov.cn/cva_w?tk=3434e0337ed4d651277ec7e690a61b4c:0
[    7791ms] [ERROR] Failed to load resource: the server responded with a status of 404 (Not Found) @ https://t5.tianditu.gov.cn/cva_w?tk=3434e0337ed4d651277ec7e690a61b4c:0
[    7791ms] [ERROR] Failed to load resource: the server responded with a status of 404 (Not Found) @ https://t3.tianditu.gov.cn/img_w?tk=3434e0337ed4d651277ec7e690a61b4c:0
[    7801ms] [ERROR] Failed to load resource: the server responded with a status of 404 (Not Found) @ https://t3.tianditu.gov.cn/cva_w?tk=3434e0337ed4d651277ec7e690a61b4c:0
[    7801ms] [ERROR] Failed to load resource: the server responded with a status of 404 (Not Found) @ https://t6.tianditu.gov.cn/img_w?tk=3434e0337ed4d651277ec7e690a61b4c:0
[    7821ms] [LOG] An error occurred in "Tw": Failed to obtain image tile X: 13 Y: 5 Level: 4. @ https://cesium.com/downloads/cesiumjs/releases/1.120/Build/Cesium/Cesium.js:85
[    7821ms] [LOG] An error occurred in "Tw": Failed to obtain image tile X: 13 Y: 5 Level: 4. @ https://cesium.com/downloads/cesiumjs/releases/1.120/Build/Cesium/Cesium.js:85
[    7821ms] [LOG] An error occurred in "Tw": Failed to obtain image tile X: 52 Y: 27 Level: 6. @ https://cesium.com/downloads/cesiumjs/releases/1.120/Build/Cesium/Cesium.js:85
[    7821ms] [LOG] An error occurred in "Tw": Failed to obtain image tile X: 207 Y: 111 Level: 8. @ https://cesium.com/downloads/cesiumjs/releases/1.120/Build/Cesium/Cesium.js:85
[    7821ms] [LOG] An error occurred in "Tw": Failed to obtain image tile X: 207 Y: 111 Level: 8. @ https://cesium.com/downloads/cesiumjs/releases/1.120/Build/Cesium/Cesium.js:85
[    7821ms] [LOG] An error occurred in "Tw": Failed to obtain image tile X: 104 Y: 55 Level: 7. @ https://cesium.com/downloads/cesiumjs/releases/1.120/Build/Cesium/Cesium.js:85
[    7821ms] [LOG] An error occurred in "Tw": Failed to obtain image tile X: 104 Y: 55 Level: 7. @ https://cesium.com/downloads/cesiumjs/releases/1.120/Build/Cesium/Cesium.js:85
[    7822ms] [LOG] An error occurred in "Tw": Failed to obtain image tile X: 208 Y: 110 Level: 8. @ https://cesium.com/downloads/cesiumjs/releases/1.120/Build/Cesium/Cesium.js:85
[    7822ms] [ERROR] Failed to load resource: the server responded with a status of 404 (Not Found) @ https://t6.tianditu.gov.cn/cva_w?tk=3434e0337ed4d651277ec7e690a61b4c:0
[    7842ms] [ERROR] Failed to load resource: the server responded with a status of 404 (Not Found) @ https://t7.tianditu.gov.cn/img_w?tk=3434e0337ed4d651277ec7e690a61b4c:0
[    7843ms] [ERROR] Failed to load resource: the server responded with a status of 404 (Not Found) @ https://t7.tianditu.gov.cn/img_w?tk=3434e0337ed4d651277ec7e690a61b4c:0
[    7843ms] [ERROR] Failed to load resource: the server responded with a status of 404 (Not Found) @ https://t7.tianditu.gov.cn/img_w?tk=3434e0337ed4d651277ec7e690a61b4c:0
[    7844ms] [ERROR] Failed to load resource: the server responded with a status of 404 (Not Found) @ https://t7.tianditu.gov.cn/img_w?tk=3434e0337ed4d651277ec7e690a61b4c:0
[    7845ms] [ERROR] Failed to load resource: the server responded with a status of 404 (Not Found) @ https://t7.tianditu.gov.cn/img_w?tk=3434e0337ed4d651277ec7e690a61b4c:0
[    7845ms] [LOG] An error occurred in "Tw": Failed to obtain image tile X: 208 Y: 110 Level: 8. @ https://cesium.com/downloads/cesiumjs/releases/1.120/Build/Cesium/Cesium.js:85
[    7846ms] [LOG] An error occurred in "Tw": Failed to obtain image tile X: 209 Y: 109 Level: 8. @ https://cesium.com/downloads/cesiumjs/releases/1.120/Build/Cesium/Cesium.js:85
[    7846ms] [LOG] An error occurred in "Tw": Failed to obtain image tile X: 209 Y: 109 Level: 8. @ https://cesium.com/downloads/cesiumjs/releases/1.120/Build/Cesium/Cesium.js:85
[    7847ms] [LOG] An error occurred in "Tw": Failed to obtain image tile X: 205 Y: 113 Level: 8. @ https://cesium.com/downloads/cesiumjs/releases/1.120/Build/Cesium/Cesium.js:85
[    7847ms] [LOG] An error occurred in "Tw": Failed to obtain image tile X: 205 Y: 113 Level: 8. @ https://cesium.com/downloads/cesiumjs/releases/1.120/Build/Cesium/Cesium.js:85
[    7847ms] [LOG] An error occurred in "Tw": Failed to obtain image tile X: 103 Y: 56 Level: 7. @ https://cesium.com/downloads/cesiumjs/releases/1.120/Build/Cesium/Cesium.js:85
[    7847ms] [LOG] An error occurred in "Tw": Failed to obtain image tile X: 103 Y: 56 Level: 7. @ https://cesium.com/downloads/cesiumjs/releases/1.120/Build/Cesium/Cesium.js:85
[    7847ms] [LOG] An error occurred in "Tw": Failed to obtain image tile X: 102 Y: 56 Level: 7. @ https://cesium.com/downloads/cesiumjs/releases/1.120/Build/Cesium/Cesium.js:85
[    7847ms] [LOG] An error occurred in "Tw": Failed to obtain image tile X: 102 Y: 54 Level: 7. @ https://cesium.com/downloads/cesiumjs/releases/1.120/Build/Cesium/Cesium.js:85
[    7848ms] [LOG] An error occurred in "Tw": Failed to obtain image tile X: 102 Y: 54 Level: 7. @ https://cesium.com/downloads/cesiumjs/releases/1.120/Build/Cesium/Cesium.js:85
[    7848ms] [LOG] An error occurred in "Tw": Failed to obtain image tile X: 52 Y: 28 Level: 6. @ https://cesium.com/downloads/cesiumjs/releases/1.120/Build/Cesium/Cesium.js:85
[    7848ms] [ERROR] Failed to load resource: the server responded with a status of 404 (Not Found) @ https://t7.tianditu.gov.cn/img_w?tk=3434e0337ed4d651277ec7e690a61b4c:0
[    7856ms] [ERROR] Failed to load resource: the server responded with a status of 404 (Not Found) @ https://t5.tianditu.gov.cn/img_w?tk=3434e0337ed4d651277ec7e690a61b4c:0
[    7857ms] [ERROR] Failed to load resource: the server responded with a status of 404 (Not Found) @ https://t5.tianditu.gov.cn/cva_w?tk=3434e0337ed4d651277ec7e690a61b4c:0
[    7857ms] [ERROR] Failed to load resource: the server responded with a status of 404 (Not Found) @ https://t3.tianditu.gov.cn/img_w?tk=3434e0337ed4d651277ec7e690a61b4c:0
[    7857ms] [ERROR] Failed to load resource: the server responded with a status of 404 (Not Found) @ https://t3.tianditu.gov.cn/cva_w?tk=3434e0337ed4d651277ec7e690a61b4c:0
[    7857ms] [ERROR] Failed to load resource: the server responded with a status of 404 (Not Found) @ https://t7.tianditu.gov.cn/cva_w?tk=3434e0337ed4d651277ec7e690a61b4c:0
[    7858ms] [LOG] An error occurred in "Tw": Failed to obtain image tile X: 52 Y: 28 Level: 6. @ https://cesium.com/downloads/cesiumjs/releases/1.120/Build/Cesium/Cesium.js:85
[    7858ms] [LOG] An error occurred in "Tw": Failed to obtain image tile X: 12 Y: 7 Level: 4. @ https://cesium.com/downloads/cesiumjs/releases/1.120/Build/Cesium/Cesium.js:85
[    7858ms] [LOG] An error occurred in "Tw": Failed to obtain image tile X: 13 Y: 6 Level: 4. @ https://cesium.com/downloads/cesiumjs/releases/1.120/Build/Cesium/Cesium.js:85
[    7858ms] [LOG] An error occurred in "Tw": Failed to obtain image tile X: 104 Y: 56 Level: 7. @ https://cesium.com/downloads/cesiumjs/releases/1.120/Build/Cesium/Cesium.js:85
[    7858ms] [LOG] An error occurred in "Tw": Failed to obtain image tile X: 208 Y: 111 Level: 8. @ https://cesium.com/downloads/cesiumjs/releases/1.120/Build/Cesium/Cesium.js:85
[    7859ms] [LOG] An error occurred in "Tw": Failed to obtain image tile X: 209 Y: 110 Level: 8. @ https://cesium.com/downloads/cesiumjs/releases/1.120/Build/Cesium/Cesium.js:85
[    7859ms] [ERROR] Failed to load resource: the server responded with a status of 404 (Not Found) @ https://t7.tianditu.gov.cn/cva_w?tk=3434e0337ed4d651277ec7e690a61b4c:0
[    7859ms] [ERROR] Failed to load resource: the server responded with a status of 404 (Not Found) @ https://t7.tianditu.gov.cn/cva_w?tk=3434e0337ed4d651277ec7e690a61b4c:0
[    7860ms] [ERROR] Failed to load resource: the server responded with a status of 404 (Not Found) @ https://t7.tianditu.gov.cn/cva_w?tk=3434e0337ed4d651277ec7e690a61b4c:0
[    7860ms] [ERROR] Failed to load resource: the server responded with a status of 404 (Not Found) @ https://t7.tianditu.gov.cn/cva_w?tk=3434e0337ed4d651277ec7e690a61b4c:0
[    7860ms] [ERROR] Failed to load resource: the server responded with a status of 404 (Not Found) @ https://t7.tianditu.gov.cn/cva_w?tk=3434e0337ed4d651277ec7e690a61b4c:0
[    7867ms] [ERROR] Failed to load resource: the server responded with a status of 404 (Not Found) @ https://t7.tianditu.gov.cn/cva_w?tk=3434e0337ed4d651277ec7e690a61b4c:0
[    7868ms] [ERROR] Failed to load resource: the server responded with a status of 404 (Not Found) @ https://t7.tianditu.gov.cn/img_w?tk=3434e0337ed4d651277ec7e690a61b4c:0
[    7868ms] [LOG] An error occurred in "Tw": Failed to obtain image tile X: 206 Y: 113 Level: 8. @ https://cesium.com/downloads/cesiumjs/releases/1.120/Build/Cesium/Cesium.js:85
[    7869ms] [LOG] An error occurred in "Tw": Failed to obtain image tile X: 208 Y: 109 Level: 8. @ https://cesium.com/downloads/cesiumjs/releases/1.120/Build/Cesium/Cesium.js:85
[    7869ms] [LOG] An error occurred in "Tw": Failed to obtain image tile X: 208 Y: 109 Level: 8. @ https://cesium.com/downloads/cesiumjs/releases/1.120/Build/Cesium/Cesium.js:85
[    7870ms] [LOG] An error occurred in "Tw": Failed to obtain image tile X: 51 Y: 26 Level: 6. @ https://cesium.com/downloads/cesiumjs/releases/1.120/Build/Cesium/Cesium.js:85
[    7871ms] [LOG] An error occurred in "Tw": Failed to obtain image tile X: 51 Y: 26 Level: 6. @ https://cesium.com/downloads/cesiumjs/releases/1.120/Build/Cesium/Cesium.js:85
[    7878ms] [LOG] An error occurred in "Tw": Failed to obtain image tile X: 12 Y: 7 Level: 4. @ https://cesium.com/downloads/cesiumjs/releases/1.120/Build/Cesium/Cesium.js:85
[    7879ms] [LOG] An error occurred in "Tw": Failed to obtain image tile X: 13 Y: 6 Level: 4. @ https://cesium.com/downloads/cesiumjs/releases/1.120/Build/Cesium/Cesium.js:85
[    7880ms] [LOG] An error occurred in "Tw": Failed to obtain image tile X: 104 Y: 56 Level: 7. @ https://cesium.com/downloads/cesiumjs/releases/1.120/Build/Cesium/Cesium.js:85
[    7880ms] [LOG] An error occurred in "Tw": Failed to obtain image tile X: 208 Y: 111 Level: 8. @ https://cesium.com/downloads/cesiumjs/releases/1.120/Build/Cesium/Cesium.js:85
[    7881ms] [LOG] An error occurred in "Tw": Failed to obtain image tile X: 209 Y: 110 Level: 8. @ https://cesium.com/downloads/cesiumjs/releases/1.120/Build/Cesium/Cesium.js:85
[    7881ms] [LOG] An error occurred in "Tw": Failed to obtain image tile X: 206 Y: 113 Level: 8. @ https://cesium.com/downloads/cesiumjs/releases/1.120/Build/Cesium/Cesium.js:85
[    7882ms] [ERROR] Failed to load resource: the server responded with a status of 404 (Not Found) @ https://t2.tianditu.gov.cn/img_w?tk=3434e0337ed4d651277ec7e690a61b4c:0
[    7882ms] [LOG] An error occurred in "Tw": Failed to obtain image tile X: 207 Y: 112 Level: 8. @ https://cesium.com/downloads/cesiumjs/releases/1.120/Build/Cesium/Cesium.js:85
[    7882ms] [ERROR] Failed to load resource: the server responded with a status of 404 (Not Found) @ https://t2.tianditu.gov.cn/cva_w?tk=3434e0337ed4d651277ec7e690a61b4c:0
[    7883ms] [LOG] An error occurred in "Tw": Failed to obtain image tile X: 207 Y: 112 Level: 8. @ https://cesium.com/downloads/cesiumjs/releases/1.120/Build/Cesium/Cesium.js:85
[    7883ms] [ERROR] Failed to load resource: the server responded with a status of 404 (Not Found) @ https://t4.tianditu.gov.cn/img_w?tk=3434e0337ed4d651277ec7e690a61b4c:0
[    7892ms] [ERROR] Failed to load resource: the server responded with a status of 404 (Not Found) @ https://t4.tianditu.gov.cn/cva_w?tk=3434e0337ed4d651277ec7e690a61b4c:0
[    7893ms] [LOG] An error occurred in "Tw": Failed to obtain image tile X: 205 Y: 109 Level: 8. @ https://cesium.com/downloads/cesiumjs/releases/1.120/Build/Cesium/Cesium.js:85
[    7894ms] [ERROR] Failed to load resource: the server responded with a status of 404 (Not Found) @ https://t0.tianditu.gov.cn/img_w?tk=3434e0337ed4d651277ec7e690a61b4c:0
[    7894ms] [ERROR] Failed to load resource: the server responded with a status of 404 (Not Found) @ https://t0.tianditu.gov.cn/cva_w?tk=3434e0337ed4d651277ec7e690a61b4c:0
[    7895ms] [LOG] An error occurred in "Tw": Failed to obtain image tile X: 205 Y: 109 Level: 8. @ https://cesium.com/downloads/cesiumjs/releases/1.120/Build/Cesium/Cesium.js:85
[    7895ms] [LOG] An error occurred in "Tw": Failed to obtain image tile X: 52 Y: 26 Level: 6. @ https://cesium.com/downloads/cesiumjs/releases/1.120/Build/Cesium/Cesium.js:85
[    7896ms] [LOG] An error occurred in "Tw": Failed to obtain image tile X: 52 Y: 26 Level: 6. @ https://cesium.com/downloads/cesiumjs/releases/1.120/Build/Cesium/Cesium.js:85
[    7896ms] [LOG] An error occurred in "Tw": Failed to obtain image tile X: 207 Y: 113 Level: 8. @ https://cesium.com/downloads/cesiumjs/releases/1.120/Build/Cesium/Cesium.js:85
[    7896ms] [LOG] An error occurred in "Tw": Failed to obtain image tile X: 207 Y: 113 Level: 8. @ https://cesium.com/downloads/cesiumjs/releases/1.120/Build/Cesium/Cesium.js:85
