[     348ms] [LOG] %c欢迎使用CesiumTdt插件，%c该插件由Jason提供，%c目前支持1.120版本 color: green; font-size: 16px; font-weight: bold; color: blue; font-size: 14px; font-style: italic; color: red; font-size: 14px; font-weight: bold; @ http://localhost:8080/lib/cesiumTdt.js:0
[    6505ms] [LOG] An error occurred in "": Failed to obtain terrain tile X: 57 Y: 11 Level: 5. Error message: "undefined" @ https://cesium.com/downloads/cesiumjs/releases/1.120/Build/Cesium/Cesium.js:85
[    6507ms] [LOG] An error occurred in "": Failed to obtain terrain tile X: 56 Y: 11 Level: 5. Error message: "undefined" @ https://cesium.com/downloads/cesiumjs/releases/1.120/Build/Cesium/Cesium.js:85
[    6508ms] [LOG] An error occurred in "": Failed to obtain terrain tile X: 57 Y: 12 Level: 5. Error message: "undefined" @ https://cesium.com/downloads/cesiumjs/releases/1.120/Build/Cesium/Cesium.js:85
[    6590ms] [LOG] An error occurred in "": Failed to obtain terrain tile X: 55 Y: 11 Level: 5. Error message: "undefined" @ https://cesium.com/downloads/cesiumjs/releases/1.120/Build/Cesium/Cesium.js:85
[    6590ms] [LOG] An error occurred in "": Failed to obtain terrain tile X: 56 Y: 12 Level: 5. Error message: "undefined" @ https://cesium.com/downloads/cesiumjs/releases/1.120/Build/Cesium/Cesium.js:85
[    6591ms] [LOG] An error occurred in "": Failed to obtain terrain tile X: 55 Y: 12 Level: 5. Error message: "undefined" @ https://cesium.com/downloads/cesiumjs/releases/1.120/Build/Cesium/Cesium.js:85
[    6594ms] [LOG] An error occurred in "": Failed to obtain terrain tile X: 56 Y: 10 Level: 5. Error message: "undefined" @ https://cesium.com/downloads/cesiumjs/releases/1.120/Build/Cesium/Cesium.js:85
[    6595ms] [LOG] An error occurred in "": Failed to obtain terrain tile X: 55 Y: 10 Level: 5. Error message: "undefined" @ https://cesium.com/downloads/cesiumjs/releases/1.120/Build/Cesium/Cesium.js:85
[    6598ms] [LOG] An error occurred in "": Failed to obtain terrain tile X: 57 Y: 10 Level: 5. Error message: "undefined" @ https://cesium.com/downloads/cesiumjs/releases/1.120/Build/Cesium/Cesium.js:85
[    6600ms] [LOG] An error occurred in "": Failed to obtain terrain tile X: 54 Y: 11 Level: 5. Error message: "undefined" @ https://cesium.com/downloads/cesiumjs/releases/1.120/Build/Cesium/Cesium.js:85
[    6685ms] [LOG] An error occurred in "": Failed to obtain terrain tile X: 54 Y: 12 Level: 5. Error message: "undefined" @ https://cesium.com/downloads/cesiumjs/releases/1.120/Build/Cesium/Cesium.js:85
[    6687ms] [LOG] An error occurred in "": Failed to obtain terrain tile X: 54 Y: 10 Level: 5. Error message: "undefined" @ https://cesium.com/downloads/cesiumjs/releases/1.120/Build/Cesium/Cesium.js:85
[    6689ms] [LOG] An error occurred in "": Failed to obtain terrain tile X: 55 Y: 13 Level: 5. Error message: "undefined" @ https://cesium.com/downloads/cesiumjs/releases/1.120/Build/Cesium/Cesium.js:85
[    6702ms] [LOG] An error occurred in "": Failed to obtain terrain tile X: 54 Y: 13 Level: 5. Error message: "undefined" @ https://cesium.com/downloads/cesiumjs/releases/1.120/Build/Cesium/Cesium.js:85
[    6702ms] [LOG] An error occurred in "": Failed to obtain terrain tile X: 53 Y: 12 Level: 5. Error message: "undefined" @ https://cesium.com/downloads/cesiumjs/releases/1.120/Build/Cesium/Cesium.js:85
[    6703ms] [LOG] An error occurred in "": Failed to obtain terrain tile X: 57 Y: 13 Level: 5. Error message: "undefined" @ https://cesium.com/downloads/cesiumjs/releases/1.120/Build/Cesium/Cesium.js:85
[    6757ms] [LOG] An error occurred in "": Failed to obtain terrain tile X: 52 Y: 12 Level: 5. Error message: "undefined" @ https://cesium.com/downloads/cesiumjs/releases/1.120/Build/Cesium/Cesium.js:85
[    6898ms] [LOG] An error occurred in "": Failed to obtain terrain tile X: 53 Y: 13 Level: 5. Error message: "undefined" @ https://cesium.com/downloads/cesiumjs/releases/1.120/Build/Cesium/Cesium.js:85
[    6899ms] [LOG] An error occurred in "": Failed to obtain terrain tile X: 56 Y: 13 Level: 5. Error message: "undefined" @ https://cesium.com/downloads/cesiumjs/releases/1.120/Build/Cesium/Cesium.js:85
[    6900ms] [LOG] An error occurred in "": Failed to obtain terrain tile X: 52 Y: 13 Level: 5. Error message: "undefined" @ https://cesium.com/downloads/cesiumjs/releases/1.120/Build/Cesium/Cesium.js:85
[    6904ms] [LOG] An error occurred in "": Failed to obtain terrain tile X: 58 Y: 11 Level: 5. Error message: "undefined" @ https://cesium.com/downloads/cesiumjs/releases/1.120/Build/Cesium/Cesium.js:85
[    6927ms] [LOG] An error occurred in "": Failed to obtain terrain tile X: 58 Y: 12 Level: 5. Error message: "undefined" @ https://cesium.com/downloads/cesiumjs/releases/1.120/Build/Cesium/Cesium.js:85
[    6944ms] [LOG] An error occurred in "": Failed to obtain terrain tile X: 108 Y: 23 Level: 6. Error message: "undefined" @ https://cesium.com/downloads/cesiumjs/releases/1.120/Build/Cesium/Cesium.js:85
[    6954ms] [LOG] An error occurred in "": Failed to obtain terrain tile X: 108 Y: 24 Level: 6. Error message: "undefined" @ https://cesium.com/downloads/cesiumjs/releases/1.120/Build/Cesium/Cesium.js:85
[    6954ms] [LOG] An error occurred in "": Failed to obtain terrain tile X: 107 Y: 24 Level: 6. Error message: "undefined" @ https://cesium.com/downloads/cesiumjs/releases/1.120/Build/Cesium/Cesium.js:85
[    6957ms] [LOG] An error occurred in "": Failed to obtain terrain tile X: 108 Y: 22 Level: 6. Error message: "undefined" @ https://cesium.com/downloads/cesiumjs/releases/1.120/Build/Cesium/Cesium.js:85
[    6958ms] [LOG] An error occurred in "": Failed to obtain terrain tile X: 107 Y: 22 Level: 6. Error message: "undefined" @ https://cesium.com/downloads/cesiumjs/releases/1.120/Build/Cesium/Cesium.js:85
[    6965ms] [LOG] An error occurred in "": Failed to obtain terrain tile X: 106 Y: 24 Level: 6. Error message: "undefined" @ https://cesium.com/downloads/cesiumjs/releases/1.120/Build/Cesium/Cesium.js:85
[    6966ms] [LOG] An error occurred in "": Failed to obtain terrain tile X: 107 Y: 25 Level: 6. Error message: "undefined" @ https://cesium.com/downloads/cesiumjs/releases/1.120/Build/Cesium/Cesium.js:85
[    6966ms] [LOG] An error occurred in "": Failed to obtain terrain tile X: 108 Y: 25 Level: 6. Error message: "undefined" @ https://cesium.com/downloads/cesiumjs/releases/1.120/Build/Cesium/Cesium.js:85
[    6974ms] [LOG] An error occurred in "": Failed to obtain terrain tile X: 106 Y: 25 Level: 6. Error message: "undefined" @ https://cesium.com/downloads/cesiumjs/releases/1.120/Build/Cesium/Cesium.js:85
[    6984ms] [LOG] An error occurred in "": Failed to obtain terrain tile X: 105 Y: 24 Level: 6. Error message: "undefined" @ https://cesium.com/downloads/cesiumjs/releases/1.120/Build/Cesium/Cesium.js:85
[    7008ms] [LOG] An error occurred in "": Failed to obtain terrain tile X: 109 Y: 24 Level: 6. Error message: "undefined" @ https://cesium.com/downloads/cesiumjs/releases/1.120/Build/Cesium/Cesium.js:85
[    7010ms] [LOG] An error occurred in "": Failed to obtain terrain tile X: 109 Y: 23 Level: 6. Error message: "undefined" @ https://cesium.com/downloads/cesiumjs/releases/1.120/Build/Cesium/Cesium.js:85
[    7049ms] [LOG] An error occurred in "": Failed to obtain terrain tile X: 109 Y: 22 Level: 6. Error message: "undefined" @ https://cesium.com/downloads/cesiumjs/releases/1.120/Build/Cesium/Cesium.js:85
[    7090ms] [LOG] An error occurred in "": Failed to obtain terrain tile X: 105 Y: 25 Level: 6. Error message: "undefined" @ https://cesium.com/downloads/cesiumjs/releases/1.120/Build/Cesium/Cesium.js:85
[    7126ms] [LOG] An error occurred in "": Failed to obtain terrain tile X: 104 Y: 25 Level: 6. Error message: "undefined" @ https://cesium.com/downloads/cesiumjs/releases/1.120/Build/Cesium/Cesium.js:85
[    7182ms] [LOG] An error occurred in "": Failed to obtain terrain tile X: 109 Y: 25 Level: 6. Error message: "undefined" @ https://cesium.com/downloads/cesiumjs/releases/1.120/Build/Cesium/Cesium.js:85
[    7252ms] [LOG] An error occurred in "": Failed to obtain terrain tile X: 108 Y: 21 Level: 6. Error message: "undefined" @ https://cesium.com/downloads/cesiumjs/releases/1.120/Build/Cesium/Cesium.js:85
[    7252ms] [LOG] An error occurred in "": Failed to obtain terrain tile X: 110 Y: 24 Level: 6. Error message: "undefined" @ https://cesium.com/downloads/cesiumjs/releases/1.120/Build/Cesium/Cesium.js:85
[    7253ms] [LOG] An error occurred in "": Failed to obtain terrain tile X: 110 Y: 23 Level: 6. Error message: "undefined" @ https://cesium.com/downloads/cesiumjs/releases/1.120/Build/Cesium/Cesium.js:85
[    7315ms] [LOG] An error occurred in "": Failed to obtain terrain tile X: 207 Y: 49 Level: 7. Error message: "undefined" @ https://cesium.com/downloads/cesiumjs/releases/1.120/Build/Cesium/Cesium.js:85
[    7339ms] [LOG] An error occurred in "": Failed to obtain terrain tile X: 207 Y: 50 Level: 7. Error message: "undefined" @ https://cesium.com/downloads/cesiumjs/releases/1.120/Build/Cesium/Cesium.js:85
[    7355ms] [LOG] An error occurred in "": Failed to obtain terrain tile X: 210 Y: 48 Level: 7. Error message: "undefined" @ https://cesium.com/downloads/cesiumjs/releases/1.120/Build/Cesium/Cesium.js:85
[    7412ms] [LOG] An error occurred in "": Failed to obtain terrain tile X: 210 Y: 49 Level: 7. Error message: "undefined" @ https://cesium.com/downloads/cesiumjs/releases/1.120/Build/Cesium/Cesium.js:85
[    7421ms] [LOG] An error occurred in "": Failed to obtain terrain tile X: 209 Y: 49 Level: 7. Error message: "undefined" @ https://cesium.com/downloads/cesiumjs/releases/1.120/Build/Cesium/Cesium.js:85
[    7447ms] [LOG] An error occurred in "": Failed to obtain terrain tile X: 211 Y: 49 Level: 7. Error message: "undefined" @ https://cesium.com/downloads/cesiumjs/releases/1.120/Build/Cesium/Cesium.js:85
[    7448ms] [LOG] An error occurred in "": Failed to obtain terrain tile X: 212 Y: 47 Level: 7. Error message: "undefined" @ https://cesium.com/downloads/cesiumjs/releases/1.120/Build/Cesium/Cesium.js:85
[    7452ms] [LOG] An error occurred in "": Failed to obtain terrain tile X: 208 Y: 49 Level: 7. Error message: "undefined" @ https://cesium.com/downloads/cesiumjs/releases/1.120/Build/Cesium/Cesium.js:85
[    7497ms] [LOG] An error occurred in "": Failed to obtain terrain tile X: 211 Y: 48 Level: 7. Error message: "undefined" @ https://cesium.com/downloads/cesiumjs/releases/1.120/Build/Cesium/Cesium.js:85
[    7497ms] [LOG] An error occurred in "": Failed to obtain terrain tile X: 212 Y: 48 Level: 7. Error message: "undefined" @ https://cesium.com/downloads/cesiumjs/releases/1.120/Build/Cesium/Cesium.js:85
[    7505ms] [LOG] An error occurred in "": Failed to obtain terrain tile X: 212 Y: 49 Level: 7. Error message: "undefined" @ https://cesium.com/downloads/cesiumjs/releases/1.120/Build/Cesium/Cesium.js:85
[    7642ms] [LOG] An error occurred in "": Failed to obtain terrain tile X: 417 Y: 97 Level: 8. Error message: "undefined" @ https://cesium.com/downloads/cesiumjs/releases/1.120/Build/Cesium/Cesium.js:85
[    7701ms] [LOG] An error occurred in "": Failed to obtain terrain tile X: 418 Y: 97 Level: 8. Error message: "undefined" @ https://cesium.com/downloads/cesiumjs/releases/1.120/Build/Cesium/Cesium.js:85
[    7768ms] [LOG] An error occurred in "": Failed to obtain terrain tile X: 419 Y: 96 Level: 8. Error message: "undefined" @ https://cesium.com/downloads/cesiumjs/releases/1.120/Build/Cesium/Cesium.js:85
[    7792ms] [LOG] An error occurred in "": Failed to obtain terrain tile X: 416 Y: 98 Level: 8. Error message: "undefined" @ https://cesium.com/downloads/cesiumjs/releases/1.120/Build/Cesium/Cesium.js:85
[    7792ms] [LOG] An error occurred in "": Failed to obtain terrain tile X: 417 Y: 98 Level: 8. Error message: "undefined" @ https://cesium.com/downloads/cesiumjs/releases/1.120/Build/Cesium/Cesium.js:85
[    7801ms] [LOG] An error occurred in "": Failed to obtain terrain tile X: 415 Y: 98 Level: 8. Error message: "undefined" @ https://cesium.com/downloads/cesiumjs/releases/1.120/Build/Cesium/Cesium.js:85
[    7819ms] [LOG] An error occurred in "": Failed to obtain terrain tile X: 418 Y: 98 Level: 8. Error message: "undefined" @ https://cesium.com/downloads/cesiumjs/releases/1.120/Build/Cesium/Cesium.js:85
[    7819ms] [LOG] An error occurred in "": Failed to obtain terrain tile X: 419 Y: 97 Level: 8. Error message: "undefined" @ https://cesium.com/downloads/cesiumjs/releases/1.120/Build/Cesium/Cesium.js:85
[    7844ms] [LOG] An error occurred in "": Failed to obtain terrain tile X: 419 Y: 98 Level: 8. Error message: "undefined" @ https://cesium.com/downloads/cesiumjs/releases/1.120/Build/Cesium/Cesium.js:85
[    7853ms] [LOG] An error occurred in "": Failed to obtain terrain tile X: 420 Y: 96 Level: 8. Error message: "undefined" @ https://cesium.com/downloads/cesiumjs/releases/1.120/Build/Cesium/Cesium.js:85
[    7926ms] [LOG] An error occurred in "": Failed to obtain terrain tile X: 420 Y: 97 Level: 8. Error message: "undefined" @ https://cesium.com/downloads/cesiumjs/releases/1.120/Build/Cesium/Cesium.js:85
[    7945ms] [LOG] An error occurred in "": Failed to obtain terrain tile X: 420 Y: 98 Level: 8. Error message: "undefined" @ https://cesium.com/downloads/cesiumjs/releases/1.120/Build/Cesium/Cesium.js:85
[    7947ms] [LOG] An error occurred in "": Failed to obtain terrain tile X: 411 Y: 98 Level: 8. Error message: "undefined" @ https://cesium.com/downloads/cesiumjs/releases/1.120/Build/Cesium/Cesium.js:85
[    7948ms] [LOG] An error occurred in "": Failed to obtain terrain tile X: 414 Y: 98 Level: 8. Error message: "undefined" @ https://cesium.com/downloads/cesiumjs/releases/1.120/Build/Cesium/Cesium.js:85
[  121875ms] Uncaught (in promise) TypeError: Cannot read properties of undefined (reading 'length')
    at RFe (https://cesium.com/downloads/cesiumjs/releases/1.120/Build/Cesium/Cesium.js:92:185728)
    at CFe (https://cesium.com/downloads/cesiumjs/releases/1.120/Build/Cesium/Cesium.js:92:185291)
    at eval (:3:30)
    at eval (:3:49)
    at evaluate (:312:15)
    at <anonymous> (:0:43)
[  140244ms] Uncaught (in promise) TypeError: Cannot read properties of undefined (reading 'length')
    at RFe (https://cesium.com/downloads/cesiumjs/releases/1.120/Build/Cesium/Cesium.js:92:185728)
    at CFe (https://cesium.com/downloads/cesiumjs/releases/1.120/Build/Cesium/Cesium.js:92:185291)
    at eval (:5:30)
    at eval (:3:49)
    at evaluate (:312:15)
    at <anonymous> (:0:43)
[  148520ms] TypeError: Cannot create property 'url' on boolean 'true'
    at i (http://localhost:8080/lib/cesiumTdt.js:40413:78)
    at t.<computed>.<computed> [as requestTileGeometry] (http://localhost:8080/lib/cesiumTdt.js:40497:33)
    at VFe (https://cesium.com/downloads/cesiumjs/releases/1.120/Build/Cesium/Cesium.js:93:185356)
    at Rz (https://cesium.com/downloads/cesiumjs/releases/1.120/Build/Cesium/Cesium.js:93:185594)
    at RFe (https://cesium.com/downloads/cesiumjs/releases/1.120/Build/Cesium/Cesium.js:93:185969)
    at Object.CFe (https://cesium.com/downloads/cesiumjs/releases/1.120/Build/Cesium/Cesium.js:93:185292)
    at eval (eval at <anonymous> (eval at evaluate (:311:30)), <anonymous>:5:31)
    at eval (eval at evaluate (:311:30), <anonymous>:4:50)
    at UtilityScript.evaluate (<anonymous>:313:16)
    at UtilityScript.<anonymous> (<anonymous>:1:44)
